// Jest Snapshot v1, https://goo.gl/fbAQLP

exports[`<UserAdminPage/> should render 1`] = `
<div
  className="admin_proposal_form"
>
  <ReactRelayQueryRenderer
    environment={"RelayModernEnvironment()"}
    query={[Function]}
    render={[Function]}
    variables={
      Object {
        "id": "userMaxime",
      }
    }
  />
</div>
`;
