id,email,userName,typeName,createdAt,updatedAt,lastLogin,rolesText,consentExternalCommunication,enabled,isEmailConfirmed,locked,phoneConfirmed,gender,dateOfBirth,websiteUrl,biography,address,zipCode,city,phone,profileUrl
VXNlcjp1c2VyMQ==,lbrunet@jolicode.com,lbrunet,Citoyen,"2015-01-01 00:00:03",,,"Utilisateur|Super Admin",,1,1,,,,,,,,,,+3300000000,https://capco.dev/profile/lbrunet
VXNlcjp1c2VyMg==,sfavot@jolicode.com,sfavot,Citoyen,"2015-01-01 00:00:04",,,"Utilisateur|Super Admin",,1,1,,1,,,http://www.sfavot.fr,"Lorem ipsum dolor sit amet, consectetur adipisicing elit. Eum earum fuga quaerat expedita minima labore vitae voluptate, repellendus perspiciatis consequuntur cum, dignissimos quas temporibus consequatur tempora est repellat. Architecto, quia.",,,Antony,+3300000000,https://capco.dev/profile/sfavot
VXNlcjp1c2VyNQ==,user@test.com,user,Citoyen,"2015-01-01 00:00:00",,,Utilisateur,,1,1,,1,FEMALE,"1996-03-01 00:00:00",,,"12 rue des boulets",75012,Paris,+33635492871,https://capco.dev/profile/user
