// Jest Snapshot v1, https://goo.gl/fbAQLP

exports[`<DebateStepPageVote/> should renders correctly 1`] = `
<div
  class="sc-bdnylx Flex___StyledAppBox-ll88x1-0 fBUPCS dzUdRG"
  style="opacity:0"
>
  <button
    class="sc-bdnylx Button__ButtonInner-sc-1rfi9ir-0 cTWwWU gQREUn DebateStepPageVote___StyledButton-sc-1t1mb78-0 dOSxvR"
    type="button"
  >
    <iconmock
      class="sc-bdnylx Icon__IconInner-sc-19k5t1s-0 Icon___StyledIconInner-sc-19k5t1s-1 ldGFSW jSXedj KA-deO icon"
    />
    global.for
  </button>
  <button
    class="sc-bdnylx Button__ButtonInner-sc-1rfi9ir-0 cTWwWU gQREUn DebateStepPageVote___StyledButton2-sc-1t1mb78-1 kZJOtr"
    type="button"
  >
    <iconmock
      class="sc-bdnylx Icon__IconInner-sc-19k5t1s-0 Icon___StyledIconInner-sc-19k5t1s-1 ldGFSW jSXedj KA-deO icon"
    />
    global.against
  </button>
</div>
`;

exports[`<DebateStepPageVote/> should renders correctly when not authenticated 1`] = `
<div
  class="sc-bdnylx Flex___StyledAppBox-ll88x1-0 fBUPCS dzUdRG"
  style="opacity:0"
>
  <button
    aria-controls="popover-overlay"
    aria-expanded="false"
    aria-haspopup="dialog"
    class="sc-bdnylx Button__ButtonInner-sc-1rfi9ir-0 cTWwWU gQREUn DebateStepPageVote___StyledButton-sc-1t1mb78-0 dOSxvR"
    type="button"
  >
    <iconmock
      class="sc-bdnylx Icon__IconInner-sc-19k5t1s-0 Icon___StyledIconInner-sc-19k5t1s-1 ldGFSW jSXedj KA-deO icon"
    />
    global.for
  </button>
  <div
    aria-label="vote.popover.title"
    class="sc-bdnylx LoginOverlay__PopoverContainer-c0lhnx-0 cNFNYl rLblB"
    data-dialog="true"
    hidden=""
    id="login-popover"
    role="dialog"
    style="display:none;position:fixed;left:100%;top:100%"
    tabindex="0"
  >
    <div
      class="sc-bdnylx LoginOverlay__Arrow-c0lhnx-2 kGqIZa hoKyqX"
      style="font-size:30px;width:1em;height:1em;pointer-events:none;bottom:100%"
    >
      <svg
        style="transform:rotateZ(360deg)"
        viewBox="0 0 30 30"
      >
        <path
          class="stroke"
          d="M23.7,27.1L17,19.9C16.5,19.3,15.8,19,15,19s-1.6,0.3-2.1,0.9l-6.6,7.2C5.3,28.1,3.4,29,2,29h26 C26.7,29,24.6,28.1,23.7,27.1z"
        />
        <path
          class="fill"
          d="M23,27.8c1.1,1.2,3.4,2.2,5,2.2h2H0h2c1.7,0,3.9-1,5-2.2l6.6-7.2c0.7-0.8,2-0.8,2.7,0L23,27.8L23,27.8z"
        />
      </svg>
    </div>
    <div
      class="sc-bdnylx eWkbGr"
    >
      <p
        class="sc-bdnylx YLtjJ"
      >
        vote.popover.title
      </p>
      <div
        class="sc-bdnylx Flex___StyledAppBox-ll88x1-0 kIsWfm cRYDhl"
      >
        <p
          class="sc-bdnylx jEhuac"
        >
          vote.popover.body
        </p>
        <span
          class="sc-bdnylx bgIGJQ"
          clip="rect(0px, 0px, 0px, 0px)"
        >
          <button
            class="sc-bdnylx Button__ButtonInner-sc-1rfi9ir-0 khpBZc gQREUn"
            type="button"
          >
            global.close
          </button>
        </span>
        <span>
          <button
            aria-label="open.connection_modal"
            class="center-block btn-block login-button btn btn-success"
            destination="http://localhost"
            type="button"
          >
            global.login
          </button>
        </span>
      </div>
    </div>
  </div>
  <button
    aria-controls="popover-overlay"
    aria-expanded="false"
    aria-haspopup="dialog"
    class="sc-bdnylx Button__ButtonInner-sc-1rfi9ir-0 cTWwWU gQREUn DebateStepPageVote___StyledButton2-sc-1t1mb78-1 kZJOtr"
    type="button"
  >
    <iconmock
      class="sc-bdnylx Icon__IconInner-sc-19k5t1s-0 Icon___StyledIconInner-sc-19k5t1s-1 ldGFSW jSXedj KA-deO icon"
    />
    global.against
  </button>
  <div
    aria-label="vote.popover.title"
    class="sc-bdnylx LoginOverlay__PopoverContainer-c0lhnx-0 cNFNYl rLblB"
    data-dialog="true"
    hidden=""
    id="login-popover"
    role="dialog"
    style="display:none;position:fixed;left:100%;top:100%"
    tabindex="0"
  >
    <div
      class="sc-bdnylx LoginOverlay__Arrow-c0lhnx-2 kGqIZa hoKyqX"
      style="font-size:30px;width:1em;height:1em;pointer-events:none;bottom:100%"
    >
      <svg
        style="transform:rotateZ(360deg)"
        viewBox="0 0 30 30"
      >
        <path
          class="stroke"
          d="M23.7,27.1L17,19.9C16.5,19.3,15.8,19,15,19s-1.6,0.3-2.1,0.9l-6.6,7.2C5.3,28.1,3.4,29,2,29h26 C26.7,29,24.6,28.1,23.7,27.1z"
        />
        <path
          class="fill"
          d="M23,27.8c1.1,1.2,3.4,2.2,5,2.2h2H0h2c1.7,0,3.9-1,5-2.2l6.6-7.2c0.7-0.8,2-0.8,2.7,0L23,27.8L23,27.8z"
        />
      </svg>
    </div>
    <div
      class="sc-bdnylx eWkbGr"
    >
      <p
        class="sc-bdnylx YLtjJ"
      >
        vote.popover.title
      </p>
      <div
        class="sc-bdnylx Flex___StyledAppBox-ll88x1-0 kIsWfm cRYDhl"
      >
        <p
          class="sc-bdnylx jEhuac"
        >
          vote.popover.body
        </p>
        <span
          class="sc-bdnylx bgIGJQ"
          clip="rect(0px, 0px, 0px, 0px)"
        >
          <button
            class="sc-bdnylx Button__ButtonInner-sc-1rfi9ir-0 khpBZc gQREUn"
            type="button"
          >
            global.close
          </button>
        </span>
        <span>
          <button
            aria-label="open.connection_modal"
            class="center-block btn-block login-button btn btn-success"
            destination="http://localhost"
            type="button"
          >
            global.login
          </button>
        </span>
      </div>
    </div>
  </div>
</div>
`;

exports[`<DebateStepPageVote/> should renders correctly with anonymous participation 1`] = `
<div
  class="sc-bdnylx Flex___StyledAppBox-ll88x1-0 fBUPCS dzUdRG"
  style="opacity:0"
>
  <button
    class="sc-bdnylx Button__ButtonInner-sc-1rfi9ir-0 cTWwWU gQREUn DebateStepPageVote___StyledButton-sc-1t1mb78-0 dOSxvR"
    type="button"
  >
    <iconmock
      class="sc-bdnylx Icon__IconInner-sc-19k5t1s-0 Icon___StyledIconInner-sc-19k5t1s-1 ldGFSW jSXedj KA-deO icon"
    />
    global.for
  </button>
  <button
    class="sc-bdnylx Button__ButtonInner-sc-1rfi9ir-0 cTWwWU gQREUn DebateStepPageVote___StyledButton2-sc-1t1mb78-1 kZJOtr"
    type="button"
  >
    <iconmock
      class="sc-bdnylx Icon__IconInner-sc-19k5t1s-0 Icon___StyledIconInner-sc-19k5t1s-1 ldGFSW jSXedj KA-deO icon"
    />
    global.against
  </button>
</div>
`;

exports[`<DebateStepPageVote/> should renders correctly with email not confirmed argument 1`] = `
<div
  class="sc-bdnylx Flex___StyledAppBox-ll88x1-0 fBUPCS dzUdRG"
  style="opacity:0"
>
  <button
    class="sc-bdnylx Button__ButtonInner-sc-1rfi9ir-0 cTWwWU gQREUn DebateStepPageVote___StyledButton-sc-1t1mb78-0 dOSxvR"
    type="button"
  >
    <iconmock
      class="sc-bdnylx Icon__IconInner-sc-19k5t1s-0 Icon___StyledIconInner-sc-19k5t1s-1 ldGFSW jSXedj KA-deO icon"
    />
    global.for
  </button>
  <button
    class="sc-bdnylx Button__ButtonInner-sc-1rfi9ir-0 cTWwWU gQREUn DebateStepPageVote___StyledButton2-sc-1t1mb78-1 kZJOtr"
    type="button"
  >
    <iconmock
      class="sc-bdnylx Icon__IconInner-sc-19k5t1s-0 Icon___StyledIconInner-sc-19k5t1s-1 ldGFSW jSXedj KA-deO icon"
    />
    global.against
  </button>
</div>
`;
