vote_publishedAt,vote_type,vote_source,vote_author_id,vote_author_zipCode,vote_author_username,vote_author_isEmailConfirmed,vote_author_email,vote_author_userType_name,debate_url
"2015-01-01 09:04:00",FOR,APPLICATION,VXNlcjp1c2VySnBlYw==,,Jpec,1,jpec@cap-collectif.com,,https://capco.dev/project/projet-avec-administrateur-de-projet/debate/debat-admin-projet
"2015-01-01 09:04:00",AGAINST,APPLICATION,VXNlcjp1c2VyTWF4aW1l,,mauriau,1,maxime.auriau@cap-collectif.com,Citoyen,https://capco.dev/project/projet-avec-administrateur-de-projet/debate/debat-admin-projet
