user_id,user_email,user_userName,user_TypeName,user_createdAt,user_updatedAt,user_lastLogin,user_rolesText,user_consentExternalCommunication,user_enabled,user_isEmailConfirmed,user_locked,user_phoneConfirmed,user_gender,user_dateOfBirth,user_websiteUrl,user_biography,user_address,user_zipCode,user_city,user_phone,user_profileUrl
VXNlcjp1c2VyMTYw,user160@cap-collectif.com,user160,Citoyen,"2017-01-01 02:40:00",,,Utilisateur,,1,1,,,,,,,,,,,https://capco.dev/profile/user160
