id,published,published_at,author,author_id,created_at,updated_at,anonymous,draft,undraft_at,"Tes plus raisin noir ou vert","Team mcdo ou bk","Coches ce que tu veux","Quel type de pomme es tu"
