id,published,published_at,author,author_id,author_email,phone,created_at,updated_at,anonymous,draft,undraft_at,account,noAccount_email,internalComm,"Comment ca va"
replyAnonymous1,Yes,"2016-03-01 00:00:00",,,,,"2016-03-01 00:00:00","2016-03-01 00:00:00",,,,No,abc@cap-collectif.com,Yes,bien
replyAnonymous2,Yes,"2017-03-01 00:00:00",,,,,"2017-03-01 00:00:00","2017-03-01 00:00:00",,,,No,,No,"bien bien bien"
