// Jest Snapshot v1, https://goo.gl/fbAQLP

exports[`<ProjectAdminForm /> renders correctly empty 1`] = `
<form
  id="projectAdminForm"
  onSubmit={[MockFunction]}
>
  <ForwardRef(Relay(Connect(ProjectContentAdminForm)))
    anyTouched={false}
    array={
      Object {
        "insert": [MockFunction],
        "move": [MockFunction],
        "pop": [MockFunction],
        "push": [MockFunction],
        "remove": [MockFunction],
        "removeAll": [MockFunction],
        "shift": [MockFunction],
        "splice": [MockFunction],
        "swap": [MockFunction],
        "unshift": [MockFunction],
      }
    }
    asyncValidate={[MockFunction]}
    asyncValidating={false}
    autofill={[MockFunction]}
    blur={[MockFunction]}
    change={[MockFunction]}
    clearAsyncError={[MockFunction]}
    clearSubmit={[MockFunction]}
    destroy={[MockFunction]}
    dirty={false}
    dispatch={[MockFunction]}
    error={null}
    form="formName"
    formName="projectAdminForm"
    handleSubmit={[MockFunction]}
    initialValues={Object {}}
    initialize={[MockFunction]}
    initialized={true}
    intl={
      Object {
        "formatDate": [Function],
        "formatHTMLMessage": [Function],
        "formatMessage": [Function],
        "formatNumber": [Function],
        "formatPlural": [Function],
        "formatRelative": [Function],
        "formatTime": [Function],
        "formats": Object {},
        "locale": "fr-FR",
        "messages": Object {},
        "now": [Function],
      }
    }
    invalid={false}
    pristine={true}
    project={
      Object {
        "$fragmentRefs": null,
        "$refType": null,
        "authors": Array [],
        "id": "1",
        "opinionTerm": 1,
        "steps": Array [],
        "title": "testTitle",
        "type": Object {
          "id": "1",
        },
      }
    }
    reset={[MockFunction]}
    submitFailed={false}
    submitSucceeded={false}
    submitting={false}
    touch={[MockFunction]}
    untouch={[MockFunction]}
    valid={true}
    warning={null}
  />
  <ProjectStepAdmin
    form="projectAdminForm"
  />
  <ForwardRef(Relay(ProjectExternalAdminPage))
    anyTouched={false}
    array={
      Object {
        "insert": [MockFunction],
        "move": [MockFunction],
        "pop": [MockFunction],
        "push": [MockFunction],
        "remove": [MockFunction],
        "removeAll": [MockFunction],
        "shift": [MockFunction],
        "splice": [MockFunction],
        "swap": [MockFunction],
        "unshift": [MockFunction],
      }
    }
    asyncValidate={[MockFunction]}
    asyncValidating={false}
    autofill={[MockFunction]}
    blur={[MockFunction]}
    change={[MockFunction]}
    clearAsyncError={[MockFunction]}
    clearSubmit={[MockFunction]}
    destroy={[MockFunction]}
    dirty={false}
    dispatch={[MockFunction]}
    error={null}
    form="formName"
    formName="projectAdminForm"
    handleSubmit={[MockFunction]}
    initialValues={Object {}}
    initialize={[MockFunction]}
    initialized={true}
    intl={
      Object {
        "formatDate": [Function],
        "formatHTMLMessage": [Function],
        "formatMessage": [Function],
        "formatNumber": [Function],
        "formatPlural": [Function],
        "formatRelative": [Function],
        "formatTime": [Function],
        "formats": Object {},
        "locale": "fr-FR",
        "messages": Object {},
        "now": [Function],
      }
    }
    invalid={false}
    pristine={true}
    project={
      Object {
        "$fragmentRefs": null,
        "$refType": null,
        "authors": Array [],
        "id": "1",
        "opinionTerm": 1,
        "steps": Array [],
        "title": "testTitle",
        "type": Object {
          "id": "1",
        },
      }
    }
    reset={[MockFunction]}
    submitFailed={false}
    submitSucceeded={false}
    submitting={false}
    touch={[MockFunction]}
    untouch={[MockFunction]}
    valid={true}
    warning={null}
  />
  <ForwardRef(Relay(injectIntl(Connect(ProjectMetadataAdminPage))))
    anyTouched={false}
    array={
      Object {
        "insert": [MockFunction],
        "move": [MockFunction],
        "pop": [MockFunction],
        "push": [MockFunction],
        "remove": [MockFunction],
        "removeAll": [MockFunction],
        "shift": [MockFunction],
        "splice": [MockFunction],
        "swap": [MockFunction],
        "unshift": [MockFunction],
      }
    }
    asyncValidate={[MockFunction]}
    asyncValidating={false}
    autofill={[MockFunction]}
    blur={[MockFunction]}
    change={[MockFunction]}
    clearAsyncError={[MockFunction]}
    clearSubmit={[MockFunction]}
    destroy={[MockFunction]}
    dirty={false}
    dispatch={[MockFunction]}
    error={null}
    form="formName"
    formName="projectAdminForm"
    handleSubmit={[MockFunction]}
    initialValues={Object {}}
    initialize={[MockFunction]}
    initialized={true}
    intl={
      Object {
        "formatDate": [Function],
        "formatHTMLMessage": [Function],
        "formatMessage": [Function],
        "formatNumber": [Function],
        "formatPlural": [Function],
        "formatRelative": [Function],
        "formatTime": [Function],
        "formats": Object {},
        "locale": "fr-FR",
        "messages": Object {},
        "now": [Function],
      }
    }
    invalid={false}
    pristine={true}
    project={
      Object {
        "$fragmentRefs": null,
        "$refType": null,
        "authors": Array [],
        "id": "1",
        "opinionTerm": 1,
        "steps": Array [],
        "title": "testTitle",
        "type": Object {
          "id": "1",
        },
      }
    }
    reset={[MockFunction]}
    submitFailed={false}
    submitSucceeded={false}
    submitting={false}
    touch={[MockFunction]}
    untouch={[MockFunction]}
    valid={true}
    warning={null}
  />
  <div
    className="col-md-12"
  >
    <div
      className="box box-primary container-fluid"
    >
      <div
        className="box-content mt-20"
      >
        <Button
          active={false}
          block={false}
          bsClass="btn"
          bsStyle="primary"
          disabled={true}
          id="submit-project-content"
          type="submit"
        >
          <FormattedMessage
            id="global.save"
            values={Object {}}
          />
        </Button>
        <AlertForm
          invalid={false}
          submitFailed={false}
          submitSucceeded={false}
          submitting={false}
          valid={true}
        />
      </div>
    </div>
  </div>
</form>
`;
