                <p>
            reporting.notification.body {"username":"<strong>admin<\/strong>"}
        </p>
        <p>reporting.notification.type_title</p>
        <p>reporting.status.spam</p>
        <p>reporting.notification.message_title</p>
        <p>Pas très catholique tout ça</p>
        <p>reporting.notification.contribution_title</p>
                    <p>Ma source</p>
                <p>blabla</p>
        <p>reporting.notification.contribution</p>
        <ul>
            <li>
                <a href="https://capco.test/projects/croissance-innovation-disruption/consultation/collecte-des-avis/opinions/les-enjeux/opinion-3#source-source1">reporting.notification.contribution_on_site</a>
            </li>
            <li>
                <a href="https://capco.test/admin/capco/app/reporting/7/show">reporting.notification.contribution_in_bo</a>
            </li>
        </ul>
        <div style="margin-top: 60px">
            moderator-links {"{moderateSexualLink}":"https:\/\/capco.test\/moderate\/sourceToken1\/reason\/reporting.status.sexual","{moderateOffendingLink}":"https:\/\/capco.test\/moderate\/sourceToken1\/reason\/reporting.status.offending","{moderateInfringementLink}":"https:\/\/capco.test\/moderate\/sourceToken1\/reason\/infringement-of-rights","{moderateSpamLink}":"https:\/\/capco.test\/moderate\/sourceToken1\/reason\/reporting.status.spam","{moderateOffTopicLink}":"https:\/\/capco.test\/moderate\/sourceToken1\/reason\/reporting.status.off_topic","{moderateGuidelineViolationLink}":"https:\/\/capco.test\/moderate\/sourceToken1\/reason\/moderation-guideline-violation"}
        </div>
    notification.email.moderator_footer {"{to}":"dev@cap-collectif.com","{sitename}":"Cap-Collectif","{business}":"Cap Collectif","{businessUrl}":"https:\/\/cap-collectif.com\/","{siteUrl}":"https:\/\/capco.test\/"}