// Jest Snapshot v1, https://goo.gl/fbAQLP

exports[`<ProposalFollowButton /> should render a button to follow a proposal when viewer is not following. 1`] = `
<Connect(LoginOverlay)>
  <button
    className="btn btn-default proposal__button__follow"
    id="proposal-follow-btn-proposal1"
    onClick={[Function]}
    type="button"
  >
    <i
      className="cap cap-rss mr-5"
    />
    <FormattedMessage
      id="follow"
      values={Object {}}
    />
  </button>
</Connect(LoginOverlay)>
`;

exports[`<ProposalFollowButton /> should render a button to unfollow a proposal when viewer is following. 1`] = `
<Connect(LoginOverlay)>
  <span
    className="mb-0 custom-dropdown"
  >
    <Uncontrolled(Dropdown)
      className="mb-0 width250 custom-dropdown-bgd dropdown-button"
      defaultOpen={false}
      id="proposal-follow-btn-proposal1"
    >
      <DropdownToggle
        bsClass="dropdown-toggle"
        bsRole="toggle"
        className="custom-dropdown-button"
        open={false}
        useAnchor={false}
      >
        <FormattedMessage
          id="following"
          values={Object {}}
        />
      </DropdownToggle>
      <DropdownMenu
        bsClass="dropdown-menu"
        bsRole="menu"
        pullRight={false}
      >
        <Uncontrolled(Panel)
          className="mb-0 b-none width250"
        >
          <PanelHeading
            bsClass="panel"
            componentClass="div"
          >
            <FormattedMessage
              id="to-be-notified-by-email"
              values={Object {}}
            />
            <OverlayTrigger
              defaultOverlayShown={false}
              overlay={
                <CapcoPopover
                  className="in"
                  id="pinned-label"
                  placement="top"
                >
                  <FormattedMessage
                    id="you-will-receive-a-summary-of-your-notifications-once-a-day"
                    values={Object {}}
                  />
                </CapcoPopover>
              }
              placement="top"
              trigger={
                Array [
                  "hover",
                  "focus",
                ]
              }
            >
              <span
                className="cap-information ml-30"
              />
            </OverlayTrigger>
          </PanelHeading>
          <PanelBody
            bsClass="panel"
            collapsible={false}
          >
            <div
              className="b-none mb-0"
              id="proposal-follow-btn-proposal1"
            >
              <ListGroup
                bsClass="list-group"
                className="mb-0"
              >
                <ListGroupItem
                  bsClass="list-group-item"
                  listItem={false}
                >
                  <Radio
                    bsClass="radio"
                    checked="checked"
                    className="proposal__follow__minimal"
                    disabled={false}
                    id="proposal-follow-btn-minimal-proposal1"
                    inline={true}
                    name="minimal"
                    onChange={[Function]}
                    title=""
                  >
                    <b>
                      <FormattedMessage
                        id="essential"
                        values={Object {}}
                      />
                    </b>
                     
                    <br />
                    <FormattedMessage
                      id="updates-and-news"
                      values={Object {}}
                    />
                  </Radio>
                </ListGroupItem>
                <ListGroupItem
                  bsClass="list-group-item"
                  listItem={false}
                >
                  <Radio
                    bsClass="radio"
                    checked=""
                    className="proposal__follow__essential"
                    disabled={false}
                    id="proposal-follow-btn-essential-proposal1"
                    inline={false}
                    name="essential"
                    onChange={[Function]}
                    title=""
                  >
                    <b>
                      <FormattedMessage
                        id="intermediate"
                        values={Object {}}
                      />
                    </b>
                    <br />
                    <FormattedMessage
                      id="updates-news-and-new-contributions"
                      values={Object {}}
                    />
                  </Radio>
                </ListGroupItem>
                <ListGroupItem
                  bsClass="list-group-item"
                  listItem={false}
                >
                  <Radio
                    bsClass="radio"
                    checked=""
                    className="proposal__follow__all"
                    disabled={false}
                    id="proposal-follow-btn-all-proposal1"
                    inline={false}
                    name="all"
                    onChange={[Function]}
                    title=""
                  >
                    <b>
                      <FormattedMessage
                        id="complete"
                        values={Object {}}
                      />
                    </b>
                    <br />
                    <FormattedMessage
                      id="updates-news-new-contributions-votes-and-subscriptions"
                      values={Object {}}
                    />
                  </Radio>
                </ListGroupItem>
              </ListGroup>
            </div>
          </PanelBody>
        </Uncontrolled(Panel)>
        <MenuItem
          bsClass="dropdown"
          className="proposal__unfollow"
          disabled={false}
          divider={false}
          eventKey="1"
          header={false}
          id="proposal-unfollow-btn-proposal1"
          onClick={[Function]}
        >
          <FormattedMessage
            id="unfollow"
            values={Object {}}
          />
        </MenuItem>
      </DropdownMenu>
    </Uncontrolled(Dropdown)>
  </span>
</Connect(LoginOverlay)>
`;

exports[`<ProposalFollowButton /> should render correctly when not authenticated 1`] = `
<Button
  active={false}
  block={false}
  bsClass="btn"
  bsStyle="default"
  className="btn btn-default proposal__button__follow"
  disabled={true}
  id="proposal-follow-btn-placeholder"
>
  <i
    className="cap cap-rss mr-5"
  />
  <FormattedMessage
    id="follow"
    values={Object {}}
  />
</Button>
`;
