// Jest Snapshot v1, https://goo.gl/fbAQLP

exports[`<SmsCodeForm /> should render correctly 1`] = `
<form
  onSubmit={[Function]}
  style={
    Object {
      "maxWidth": "350px",
    }
  }
>
  <Field
    autoFocus={true}
    component={[Function]}
    id="_code"
    label={
      <FormattedMessage
        id="phone.confirm.code"
        values={Object {}}
      />
    }
    name="code"
    type="text"
  />
  <Button
    active={false}
    block={false}
    bsClass="btn"
    bsStyle="primary"
    disabled={false}
    style={
      Object {
        "padding": "6px 12px 7px",
      }
    }
    type="submit"
  >
    <FormattedMessage
      id="phone.confirm.validate"
      values={Object {}}
    />
  </Button>
</form>
`;
