// Jest Snapshot v1, https://goo.gl/fbAQLP

exports[`<LanguageButtonContainer /> should render correctly 1`] = `
<ReactRelayQueryRenderer
  environment={"RelayModernEnvironment()"}
  query={[Function]}
  render={[Function]}
  variables={Object {}}
/>
`;
