// Jest Snapshot v1, https://goo.gl/fbAQLP

exports[`<StepPropositionNavigationBox /> should render correctly 1`] = `
<StepPropositionNavigationBox__StepPropositionNavigationBoxInner>
  <ReactRelayQueryRenderer
    environment={"RelayModernEnvironment()"}
    query={[Function]}
    render={[Function]}
    variables={
      Object {
        "relatedSlug": "deuxieme-consultation",
        "stepId": "cstep1",
      }
    }
  />
</StepPropositionNavigationBox__StepPropositionNavigationBoxInner>
`;
