// Jest Snapshot v1, https://goo.gl/fbAQLP

exports[`<DebateStepPageNotYetStarted /> should render when step is future 1`] = `
<div
  className="sc-bdvvtL"
  id="DebateStepPageNotYetStarted"
>
  <div
    className="sc-bdvvtL hehOWr"
  >
    <div
      className="sc-bdvvtL ielpPC sc-fWCJzd cixfEG cap-tag"
      style={
        Object {
          "marginLeft": 0,
          "marginTop": 0,
        }
      }
      title=""
    >
      count.daysUntil {"count":725}
    </div>
    <h2
      className="sc-bdvvtL hYSiQD cap-heading"
    >
      &lt;mock-value-for-field-"title"&gt;
    </h2>
  </div>
</div>
`;
