// Jest Snapshot v1, https://goo.gl/fbAQLP

exports[`<ProjectRestrictedAccess /> should render correctly 1`] = `
<div>
  <ReactRelayQueryRenderer
    environment={"RelayModernEnvironment()"}
    query={
      Object {
        "fragment": Object {
          "argumentDefinitions": Array [
            Object {
              "defaultValue": null,
              "kind": "LocalArgument",
              "name": "projectId",
              "type": "ID!",
            },
            Object {
              "defaultValue": null,
              "kind": "LocalArgument",
              "name": "count",
              "type": "Int",
            },
            Object {
              "defaultValue": null,
              "kind": "LocalArgument",
              "name": "cursor",
              "type": "String",
            },
          ],
          "kind": "Fragment",
          "metadata": null,
          "name": "ProjectRestrictedAccessQuery",
          "selections": Array [
            Object {
              "alias": "project",
              "args": Array [
                Object {
                  "kind": "Variable",
                  "name": "id",
                  "variableName": "projectId",
                },
              ],
              "concreteType": null,
              "kind": "LinkedField",
              "name": "node",
              "plural": false,
              "selections": Array [
                Object {
                  "kind": "InlineFragment",
                  "selections": Array [
                    Object {
                      "args": null,
                      "kind": "FragmentSpread",
                      "name": "ProjectRestrictedAccessFragment_project",
                    },
                  ],
                  "type": "Project",
                },
              ],
              "storageKey": null,
            },
          ],
          "type": "Query",
        },
        "hash": "4112f73f5e6057be89fd943337e7579d",
        "kind": "Request",
        "operation": Object {
          "argumentDefinitions": Array [
            Object {
              "defaultValue": null,
              "kind": "LocalArgument",
              "name": "projectId",
              "type": "ID!",
            },
            Object {
              "defaultValue": null,
              "kind": "LocalArgument",
              "name": "count",
              "type": "Int",
            },
            Object {
              "defaultValue": null,
              "kind": "LocalArgument",
              "name": "cursor",
              "type": "String",
            },
          ],
          "kind": "Operation",
          "name": "ProjectRestrictedAccessQuery",
          "selections": Array [
            Object {
              "alias": "project",
              "args": Array [
                Object {
                  "kind": "Variable",
                  "name": "id",
                  "variableName": "projectId",
                },
              ],
              "concreteType": null,
              "kind": "LinkedField",
              "name": "node",
              "plural": false,
              "selections": Array [
                Object {
                  "alias": null,
                  "args": null,
                  "kind": "ScalarField",
                  "name": "__typename",
                  "storageKey": null,
                },
                Object {
                  "alias": null,
                  "args": null,
                  "kind": "ScalarField",
                  "name": "id",
                  "storageKey": null,
                },
                Object {
                  "kind": "InlineFragment",
                  "selections": Array [
                    Object {
                      "alias": null,
                      "args": null,
                      "kind": "ScalarField",
                      "name": "visibility",
                      "storageKey": null,
                    },
                    Object {
                      "alias": null,
                      "args": Array [
                        Object {
                          "kind": "Variable",
                          "name": "after",
                          "variableName": "cursor",
                        },
                        Object {
                          "kind": "Variable",
                          "name": "first",
                          "variableName": "count",
                        },
                      ],
                      "concreteType": "GroupConnection",
                      "kind": "LinkedField",
                      "name": "restrictedViewers",
                      "plural": false,
                      "selections": Array [
                        Object {
                          "alias": null,
                          "args": null,
                          "kind": "ScalarField",
                          "name": "totalUserCount",
                          "storageKey": null,
                        },
                        Object {
                          "alias": null,
                          "args": null,
                          "concreteType": "GroupEdge",
                          "kind": "LinkedField",
                          "name": "edges",
                          "plural": true,
                          "selections": Array [
                            Object {
                              "alias": null,
                              "args": null,
                              "kind": "ScalarField",
                              "name": "cursor",
                              "storageKey": null,
                            },
                            Object {
                              "alias": null,
                              "args": null,
                              "concreteType": "Group",
                              "kind": "LinkedField",
                              "name": "node",
                              "plural": false,
                              "selections": Array [
                                Object {
                                  "alias": null,
                                  "args": null,
                                  "kind": "ScalarField",
                                  "name": "id",
                                  "storageKey": null,
                                },
                                Object {
                                  "alias": null,
                                  "args": null,
                                  "kind": "ScalarField",
                                  "name": "title",
                                  "storageKey": null,
                                },
                                Object {
                                  "alias": null,
                                  "args": Array [
                                    Object {
                                      "kind": "Literal",
                                      "name": "first",
                                      "value": 10,
                                    },
                                  ],
                                  "concreteType": "UserConnection",
                                  "kind": "LinkedField",
                                  "name": "users",
                                  "plural": false,
                                  "selections": Array [
                                    Object {
                                      "alias": null,
                                      "args": null,
                                      "concreteType": "UserEdge",
                                      "kind": "LinkedField",
                                      "name": "edges",
                                      "plural": true,
                                      "selections": Array [
                                        Object {
                                          "alias": null,
                                          "args": null,
                                          "kind": "ScalarField",
                                          "name": "cursor",
                                          "storageKey": null,
                                        },
                                        Object {
                                          "alias": null,
                                          "args": null,
                                          "concreteType": "User",
                                          "kind": "LinkedField",
                                          "name": "node",
                                          "plural": false,
                                          "selections": Array [
                                            Object {
                                              "alias": null,
                                              "args": null,
                                              "kind": "ScalarField",
                                              "name": "id",
                                              "storageKey": null,
                                            },
                                            Object {
                                              "alias": null,
                                              "args": null,
                                              "kind": "ScalarField",
                                              "name": "url",
                                              "storageKey": null,
                                            },
                                            Object {
                                              "alias": null,
                                              "args": null,
                                              "kind": "ScalarField",
                                              "name": "username",
                                              "storageKey": null,
                                            },
                                            Object {
                                              "alias": null,
                                              "args": null,
                                              "concreteType": "Media",
                                              "kind": "LinkedField",
                                              "name": "media",
                                              "plural": false,
                                              "selections": Array [
                                                Object {
                                                  "alias": null,
                                                  "args": null,
                                                  "kind": "ScalarField",
                                                  "name": "url",
                                                  "storageKey": null,
                                                },
                                                Object {
                                                  "alias": null,
                                                  "args": null,
                                                  "kind": "ScalarField",
                                                  "name": "id",
                                                  "storageKey": null,
                                                },
                                              ],
                                              "storageKey": null,
                                            },
                                            Object {
                                              "alias": null,
                                              "args": null,
                                              "kind": "ScalarField",
                                              "name": "__typename",
                                              "storageKey": null,
                                            },
                                          ],
                                          "storageKey": null,
                                        },
                                      ],
                                      "storageKey": null,
                                    },
                                    Object {
                                      "alias": null,
                                      "args": null,
                                      "concreteType": "PageInfo",
                                      "kind": "LinkedField",
                                      "name": "pageInfo",
                                      "plural": false,
                                      "selections": Array [
                                        Object {
                                          "alias": null,
                                          "args": null,
                                          "kind": "ScalarField",
                                          "name": "hasPreviousPage",
                                          "storageKey": null,
                                        },
                                        Object {
                                          "alias": null,
                                          "args": null,
                                          "kind": "ScalarField",
                                          "name": "hasNextPage",
                                          "storageKey": null,
                                        },
                                        Object {
                                          "alias": null,
                                          "args": null,
                                          "kind": "ScalarField",
                                          "name": "startCursor",
                                          "storageKey": null,
                                        },
                                        Object {
                                          "alias": null,
                                          "args": null,
                                          "kind": "ScalarField",
                                          "name": "endCursor",
                                          "storageKey": null,
                                        },
                                      ],
                                      "storageKey": null,
                                    },
                                    Object {
                                      "alias": null,
                                      "args": null,
                                      "kind": "ScalarField",
                                      "name": "totalCount",
                                      "storageKey": null,
                                    },
                                  ],
                                  "storageKey": "users(first:10)",
                                },
                                Object {
                                  "alias": null,
                                  "args": Array [
                                    Object {
                                      "kind": "Literal",
                                      "name": "first",
                                      "value": 10,
                                    },
                                  ],
                                  "filters": null,
                                  "handle": "connection",
                                  "key": "UserInGroupModal_users",
                                  "kind": "LinkedHandle",
                                  "name": "users",
                                },
                                Object {
                                  "alias": null,
                                  "args": null,
                                  "kind": "ScalarField",
                                  "name": "__typename",
                                  "storageKey": null,
                                },
                              ],
                              "storageKey": null,
                            },
                          ],
                          "storageKey": null,
                        },
                        Object {
                          "alias": null,
                          "args": null,
                          "concreteType": "PageInfo",
                          "kind": "LinkedField",
                          "name": "pageInfo",
                          "plural": false,
                          "selections": Array [
                            Object {
                              "alias": null,
                              "args": null,
                              "kind": "ScalarField",
                              "name": "hasPreviousPage",
                              "storageKey": null,
                            },
                            Object {
                              "alias": null,
                              "args": null,
                              "kind": "ScalarField",
                              "name": "hasNextPage",
                              "storageKey": null,
                            },
                            Object {
                              "alias": null,
                              "args": null,
                              "kind": "ScalarField",
                              "name": "startCursor",
                              "storageKey": null,
                            },
                            Object {
                              "alias": null,
                              "args": null,
                              "kind": "ScalarField",
                              "name": "endCursor",
                              "storageKey": null,
                            },
                          ],
                          "storageKey": null,
                        },
                        Object {
                          "alias": null,
                          "args": null,
                          "kind": "ScalarField",
                          "name": "totalCount",
                          "storageKey": null,
                        },
                      ],
                      "storageKey": null,
                    },
                    Object {
                      "alias": null,
                      "args": Array [
                        Object {
                          "kind": "Variable",
                          "name": "after",
                          "variableName": "cursor",
                        },
                        Object {
                          "kind": "Variable",
                          "name": "first",
                          "variableName": "count",
                        },
                      ],
                      "filters": null,
                      "handle": "connection",
                      "key": "UserGroupModal_restrictedViewers",
                      "kind": "LinkedHandle",
                      "name": "restrictedViewers",
                    },
                  ],
                  "type": "Project",
                },
              ],
              "storageKey": null,
            },
          ],
        },
        "params": Object {
          "id": null,
          "metadata": Object {},
          "name": "ProjectRestrictedAccessQuery",
          "operationKind": "query",
          "text": "query ProjectRestrictedAccessQuery(
  $projectId: ID!
  $count: Int
  $cursor: String
) {
  project: node(id: $projectId) {
    __typename
    ... on Project {
      ...ProjectRestrictedAccessFragment_project
    }
    id
  }
}

fragment ProjectRestrictedAccessFragment_project on Project {
  visibility
  ...RenderCustomAccess_project
  ...RenderPrivateAccess_project
}

fragment RenderCustomAccess_project on Project {
  restrictedViewers(first: $count, after: $cursor) {
    totalUserCount
  }
  ...UserGroupModal_project_1G22uz
}

fragment RenderPrivateAccess_project on Project {
  visibility
}

fragment UserAvatar_user on User {
  url
  username
  media {
    url
    id
  }
}

fragment UserGroupModal_project_1G22uz on Project {
  id
  restrictedViewers(first: $count, after: $cursor) {
    edges {
      cursor
      node {
        id
        title
        ...UserInGroupModal_group
        __typename
      }
    }
    pageInfo {
      hasPreviousPage
      hasNextPage
      startCursor
      endCursor
    }
    totalCount
  }
}

fragment UserInGroupModal_group on Group {
  id
  title
  users(first: 10) {
    edges {
      cursor
      node {
        id
        ...UserAvatar_user
        url
        username
        __typename
      }
    }
    pageInfo {
      hasPreviousPage
      hasNextPage
      startCursor
      endCursor
    }
    totalCount
  }
}
",
        },
      }
    }
    render={[Function]}
    variables={
      Object {
        "count": 10,
        "cursor": null,
        "projectId": "UHJvamVjdDpwcm9qZWN0MQ==",
      }
    }
  />
</div>
`;
